Copyright 1986-2018 Xilinx, Inc. All Rights Reserved.
----------------------------------------------------------------------------------------------------------------------------------
| Tool Version     : Vivado v.2018.2 (win64) Build 2258646 Thu Jun 14 20:03:12 MDT 2018
| Date             : Tue Feb 19 15:26:11 2019
| Host             : Navneel running 64-bit major release  (build 9200)
| Command          : report_power -file Main_power_routed.rpt -pb Main_power_summary_routed.pb -rpx Main_power_routed.rpx
| Design           : Main
| Device           : xc7a35tcpg236-1
| Design State     : routed
| Grade            : commercial
| Process          : typical
| Characterization : Production
----------------------------------------------------------------------------------------------------------------------------------

Power Report

Table of Contents
-----------------
1. Summary
1.1 On-Chip Components
1.2 Power Supply Summary
1.3 Confidence Level
2. Settings
2.1 Environment
2.2 Clock Constraints
3. Detailed Reports
3.1 By Hierarchy

1. Summary
----------

+--------------------------+----------------------------------+
| Total On-Chip Power (W)  | 26.677 (Junction temp exceeded!) |
| Design Power Budget (W)  | Unspecified*                     |
| Power Budget Margin (W)  | NA                               |
| Dynamic (W)              | 26.193                           |
| Device Static (W)        | 0.485                            |
| Effective TJA (C/W)      | 5.0                              |
| Max Ambient (C)          | 0.0                              |
| Junction Temperature (C) | 125.0                            |
| Confidence Level         | Low                              |
| Setting File             | ---                              |
| Simulation Activity File | ---                              |
| Design Nets Matched      | NA                               |
+--------------------------+----------------------------------+
* Specify Design Power Budget using, set_operating_conditions -design_power_budget <value in Watts>


1.1 On-Chip Components
----------------------

+--------------------------+-----------+----------+-----------+-----------------+
| On-Chip                  | Power (W) | Used     | Available | Utilization (%) |
+--------------------------+-----------+----------+-----------+-----------------+
| Slice Logic              |     5.799 |     2302 |       --- |             --- |
|   LUT as Logic           |     4.268 |     1132 |     20800 |            5.44 |
|   LUT as Distributed RAM |     0.838 |      128 |      9600 |            1.33 |
|   CARRY4                 |     0.354 |       73 |      8150 |            0.90 |
|   F7/F8 Muxes            |     0.302 |      277 |     32600 |            0.85 |
|   Register               |     0.031 |      615 |     41600 |            1.48 |
|   BUFG                   |     0.007 |        2 |        32 |            6.25 |
|   Others                 |     0.000 |        8 |       --- |             --- |
| Signals                  |     9.835 |     1693 |       --- |             --- |
| I/O                      |    10.559 |       31 |       106 |           29.25 |
| Static Power             |     0.485 |          |           |                 |
| Total                    |    26.677 |          |           |                 |
+--------------------------+-----------+----------+-----------+-----------------+


1.2 Power Supply Summary
------------------------

+-----------+-------------+-----------+-------------+------------+
| Source    | Voltage (V) | Total (A) | Dynamic (A) | Static (A) |
+-----------+-------------+-----------+-------------+------------+
| Vccint    |       1.000 |    16.030 |      15.690 |      0.341 |
| Vccaux    |       1.800 |     0.913 |       0.860 |      0.053 |
| Vcco33    |       3.300 |     0.000 |       0.000 |      0.000 |
| Vcco25    |       2.500 |     0.000 |       0.000 |      0.000 |
| Vcco18    |       1.800 |     4.976 |       4.975 |      0.001 |
| Vcco15    |       1.500 |     0.000 |       0.000 |      0.000 |
| Vcco135   |       1.350 |     0.000 |       0.000 |      0.000 |
| Vcco12    |       1.200 |     0.000 |       0.000 |      0.000 |
| Vccaux_io |       1.800 |     0.000 |       0.000 |      0.000 |
| Vccbram   |       1.000 |     0.010 |       0.000 |      0.010 |
| MGTAVcc   |       1.000 |     0.000 |       0.000 |      0.000 |
| MGTAVtt   |       1.200 |     0.000 |       0.000 |      0.000 |
| Vccadc    |       1.800 |     0.020 |       0.000 |      0.020 |
+-----------+-------------+-----------+-------------+------------+


1.3 Confidence Level
--------------------

+-----------------------------+------------+--------------------------------------------------------+--------------------------------------------------------------------------------------------------------------------+
| User Input Data             | Confidence | Details                                                | Action                                                                                                             |
+-----------------------------+------------+--------------------------------------------------------+--------------------------------------------------------------------------------------------------------------------+
| Design implementation state | High       | Design is routed                                       |                                                                                                                    |
| Clock nodes activity        | Low        | User specified less than 75% of clocks                 | Provide missing clock activity with a constraint file, simulation results or by editing the "By Clock Domain" view |
| I/O nodes activity          | Low        | More than 75% of inputs are missing user specification | Provide missing input activity with simulation results or by editing the "By Resource Type -> I/Os" view           |
| Internal nodes activity     | Medium     | User specified less than 25% of internal nodes         | Provide missing internal nodes activity with simulation results or by editing the "By Resource Type" views         |
| Device models               | High       | Device models are Production                           |                                                                                                                    |
|                             |            |                                                        |                                                                                                                    |
| Overall confidence level    | Low        |                                                        |                                                                                                                    |
+-----------------------------+------------+--------------------------------------------------------+--------------------------------------------------------------------------------------------------------------------+


2. Settings
-----------

2.1 Environment
---------------

+-----------------------+--------------------------+
| Ambient Temp (C)      | 25.0                     |
| ThetaJA (C/W)         | 5.0                      |
| Airflow (LFM)         | 250                      |
| Heat Sink             | medium (Medium Profile)  |
| ThetaSA (C/W)         | 4.6                      |
| Board Selection       | medium (10"x10")         |
| # of Board Layers     | 12to15 (12 to 15 Layers) |
| Board Temperature (C) | 25.0                     |
+-----------------------+--------------------------+


2.2 Clock Constraints
---------------------

+-------+--------+-----------------+
| Clock | Domain | Constraint (ns) |
+-------+--------+-----------------+


3. Detailed Reports
-------------------

3.1 By Hierarchy
----------------

+-----------------------------------+-----------+
| Name                              | Power (W) |
+-----------------------------------+-----------+
| Main                              |    26.193 |
|   Prog_Mem                        |     0.344 |
|     U0                            |     0.344 |
|       synth_options.dist_mem_inst |     0.344 |
|         gen_rom.rom_inst          |     0.344 |
|   data_Mem                        |     1.708 |
|     U0                            |     1.708 |
|       synth_options.dist_mem_inst |     1.708 |
|         gen_sp_ram.spram_inst     |     1.708 |
|           ram_reg_0_255_0_0       |     0.046 |
|           ram_reg_0_255_10_10     |     0.031 |
|           ram_reg_0_255_11_11     |     0.051 |
|           ram_reg_0_255_12_12     |     0.050 |
|           ram_reg_0_255_13_13     |     0.048 |
|           ram_reg_0_255_14_14     |     0.055 |
|           ram_reg_0_255_15_15     |     0.054 |
|           ram_reg_0_255_16_16     |     0.053 |
|           ram_reg_0_255_17_17     |     0.071 |
|           ram_reg_0_255_18_18     |     0.073 |
|           ram_reg_0_255_19_19     |     0.062 |
|           ram_reg_0_255_1_1       |     0.034 |
|           ram_reg_0_255_20_20     |     0.063 |
|           ram_reg_0_255_21_21     |     0.055 |
|           ram_reg_0_255_22_22     |     0.066 |
|           ram_reg_0_255_23_23     |     0.064 |
|           ram_reg_0_255_24_24     |     0.069 |
|           ram_reg_0_255_25_25     |     0.057 |
|           ram_reg_0_255_26_26     |     0.052 |
|           ram_reg_0_255_27_27     |     0.071 |
|           ram_reg_0_255_28_28     |     0.067 |
|           ram_reg_0_255_29_29     |     0.053 |
|           ram_reg_0_255_2_2       |     0.032 |
|           ram_reg_0_255_30_30     |     0.065 |
|           ram_reg_0_255_31_31     |     0.069 |
|           ram_reg_0_255_3_3       |     0.029 |
|           ram_reg_0_255_4_4       |     0.029 |
|           ram_reg_0_255_5_5       |     0.032 |
|           ram_reg_0_255_6_6       |     0.056 |
|           ram_reg_0_255_7_7       |     0.056 |
|           ram_reg_0_255_8_8       |     0.063 |
|           ram_reg_0_255_9_9       |     0.032 |
|   debouncer_step                  |     0.079 |
|   div                             |     0.114 |
|   temp_CPU                        |    12.969 |
+-----------------------------------+-----------+


